Archive member included to satisfy reference by file (symbol)

/usr/lib/libc_nonshared.a(elf-init.oS)
                              /usr/lib64/gcc/x86_64-pc-linux-gnu/7.1.1/../../../../lib64/crt1.o (__libc_csu_init)
/usr/lib/libc_nonshared.a(stat.oS)
                              /tmp/linux32_handmade-ddb8da.o (stat)
/usr/lib/libc_nonshared.a(fstat.oS)
                              /tmp/linux32_handmade-ddb8da.o (fstat)

Discarded input sections

 .rodata.cst4   0x0000000000000000        0x4 /usr/lib64/gcc/x86_64-pc-linux-gnu/7.1.1/../../../../lib64/crt1.o
 .data          0x0000000000000000        0x4 /usr/lib64/gcc/x86_64-pc-linux-gnu/7.1.1/../../../../lib64/crt1.o
 .bss           0x0000000000000000        0x0 /usr/lib64/gcc/x86_64-pc-linux-gnu/7.1.1/../../../../lib64/crt1.o
 .note.GNU-stack
                0x0000000000000000        0x0 /usr/lib64/gcc/x86_64-pc-linux-gnu/7.1.1/../../../../lib64/crt1.o
 .text          0x0000000000000000        0x0 /usr/lib64/gcc/x86_64-pc-linux-gnu/7.1.1/../../../../lib64/crti.o
 .data          0x0000000000000000        0x0 /usr/lib64/gcc/x86_64-pc-linux-gnu/7.1.1/../../../../lib64/crti.o
 .bss           0x0000000000000000        0x0 /usr/lib64/gcc/x86_64-pc-linux-gnu/7.1.1/../../../../lib64/crti.o
 .note.GNU-stack
                0x0000000000000000        0x0 /usr/lib64/gcc/x86_64-pc-linux-gnu/7.1.1/../../../../lib64/crti.o
 .data          0x0000000000000000        0x8 /usr/lib64/gcc/x86_64-pc-linux-gnu/7.1.1/crtbegin.o
 .note.GNU-stack
                0x0000000000000000        0x0 /usr/lib64/gcc/x86_64-pc-linux-gnu/7.1.1/crtbegin.o
 .text          0x0000000000000000        0x0 /usr/lib64/gcc/x86_64-pc-linux-gnu/7.1.1/crtfastmath.o
 .data          0x0000000000000000        0x0 /usr/lib64/gcc/x86_64-pc-linux-gnu/7.1.1/crtfastmath.o
 .bss           0x0000000000000000        0x0 /usr/lib64/gcc/x86_64-pc-linux-gnu/7.1.1/crtfastmath.o
 .note.GNU-stack
                0x0000000000000000        0x0 /usr/lib64/gcc/x86_64-pc-linux-gnu/7.1.1/crtfastmath.o
 .note.GNU-stack
                0x0000000000000000        0x0 /tmp/linux32_handmade-ddb8da.o
 .data          0x0000000000000000        0x0 /usr/lib/libc_nonshared.a(elf-init.oS)
 .bss           0x0000000000000000        0x0 /usr/lib/libc_nonshared.a(elf-init.oS)
 .note.GNU-stack
                0x0000000000000000        0x0 /usr/lib/libc_nonshared.a(elf-init.oS)
 .data          0x0000000000000000        0x0 /usr/lib/libc_nonshared.a(stat.oS)
 .bss           0x0000000000000000        0x0 /usr/lib/libc_nonshared.a(stat.oS)
 .note.GNU-stack
                0x0000000000000000        0x0 /usr/lib/libc_nonshared.a(stat.oS)
 .data          0x0000000000000000        0x0 /usr/lib/libc_nonshared.a(fstat.oS)
 .bss           0x0000000000000000        0x0 /usr/lib/libc_nonshared.a(fstat.oS)
 .note.GNU-stack
                0x0000000000000000        0x0 /usr/lib/libc_nonshared.a(fstat.oS)
 .text          0x0000000000000000        0x0 /usr/lib64/gcc/x86_64-pc-linux-gnu/7.1.1/crtend.o
 .data          0x0000000000000000        0x0 /usr/lib64/gcc/x86_64-pc-linux-gnu/7.1.1/crtend.o
 .bss           0x0000000000000000        0x0 /usr/lib64/gcc/x86_64-pc-linux-gnu/7.1.1/crtend.o
 .note.GNU-stack
                0x0000000000000000        0x0 /usr/lib64/gcc/x86_64-pc-linux-gnu/7.1.1/crtend.o
 .text          0x0000000000000000        0x0 /usr/lib64/gcc/x86_64-pc-linux-gnu/7.1.1/../../../../lib64/crtn.o
 .data          0x0000000000000000        0x0 /usr/lib64/gcc/x86_64-pc-linux-gnu/7.1.1/../../../../lib64/crtn.o
 .bss           0x0000000000000000        0x0 /usr/lib64/gcc/x86_64-pc-linux-gnu/7.1.1/../../../../lib64/crtn.o
 .note.GNU-stack
                0x0000000000000000        0x0 /usr/lib64/gcc/x86_64-pc-linux-gnu/7.1.1/../../../../lib64/crtn.o

Memory Configuration

Name             Origin             Length             Attributes
*default*        0x0000000000000000 0xffffffffffffffff

Linker script and memory map

LOAD /usr/lib64/gcc/x86_64-pc-linux-gnu/7.1.1/../../../../lib64/crt1.o
LOAD /usr/lib64/gcc/x86_64-pc-linux-gnu/7.1.1/../../../../lib64/crti.o
LOAD /usr/lib64/gcc/x86_64-pc-linux-gnu/7.1.1/crtbegin.o
LOAD /usr/lib64/gcc/x86_64-pc-linux-gnu/7.1.1/crtfastmath.o
LOAD /tmp/linux32_handmade-ddb8da.o
LOAD /usr/lib64/gcc/x86_64-pc-linux-gnu/7.1.1/../../../../lib64/libdl.so
LOAD /usr/lib64/gcc/x86_64-pc-linux-gnu/7.1.1/../../../../lib64/libX11.so
LOAD /usr/lib64/gcc/x86_64-pc-linux-gnu/7.1.1/../../../../lib64/libXrandr.so
LOAD /usr/lib64/gcc/x86_64-pc-linux-gnu/7.1.1/../../../../lib64/libm.so
START GROUP
LOAD /usr/lib/libm.so.6
LOAD /usr/lib/libmvec_nonshared.a
LOAD /usr/lib/libmvec.so.1
END GROUP
LOAD /usr/lib64/gcc/x86_64-pc-linux-gnu/7.1.1/../../../../lib64/libpthread.so
START GROUP
LOAD /usr/lib/libpthread.so.0
LOAD /usr/lib/libpthread_nonshared.a
END GROUP
LOAD /usr/lib64/gcc/x86_64-pc-linux-gnu/7.1.1/../../../../lib64/libXft.so
LOAD /usr/lib64/gcc/x86_64-pc-linux-gnu/7.1.1/../../../../lib64/libfreetype.so
LOAD /usr/lib64/gcc/x86_64-pc-linux-gnu/7.1.1/libgcc.a
LOAD /usr/lib64/gcc/x86_64-pc-linux-gnu/7.1.1/../../../../lib64/libgcc_s.so
START GROUP
LOAD /usr/lib64/gcc/x86_64-pc-linux-gnu/7.1.1/../../../../lib64/libgcc_s.so.1
LOAD /usr/lib64/gcc/x86_64-pc-linux-gnu/7.1.1/libgcc.a
END GROUP
LOAD /usr/lib64/gcc/x86_64-pc-linux-gnu/7.1.1/../../../../lib64/libc.so
START GROUP
LOAD /usr/lib/libc.so.6
LOAD /usr/lib/libc_nonshared.a
LOAD /usr/lib/ld-linux-x86-64.so.2
END GROUP
LOAD /usr/lib64/gcc/x86_64-pc-linux-gnu/7.1.1/libgcc.a
LOAD /usr/lib64/gcc/x86_64-pc-linux-gnu/7.1.1/../../../../lib64/libgcc_s.so
START GROUP
LOAD /usr/lib64/gcc/x86_64-pc-linux-gnu/7.1.1/../../../../lib64/libgcc_s.so.1
LOAD /usr/lib64/gcc/x86_64-pc-linux-gnu/7.1.1/libgcc.a
END GROUP
LOAD /usr/lib64/gcc/x86_64-pc-linux-gnu/7.1.1/crtend.o
LOAD /usr/lib64/gcc/x86_64-pc-linux-gnu/7.1.1/../../../../lib64/crtn.o
                [!provide]                        PROVIDE (__executable_start, SEGMENT_START ("text-segment", 0x400000))
                0x0000000000400238                . = (SEGMENT_START ("text-segment", 0x400000) + SIZEOF_HEADERS)

.interp         0x0000000000400238       0x1c
 *(.interp)
 .interp        0x0000000000400238       0x1c /usr/lib64/gcc/x86_64-pc-linux-gnu/7.1.1/../../../../lib64/crt1.o

.note.ABI-tag   0x0000000000400254       0x20
 .note.ABI-tag  0x0000000000400254       0x20 /usr/lib64/gcc/x86_64-pc-linux-gnu/7.1.1/../../../../lib64/crt1.o

.note.gnu.build-id
 *(.note.gnu.build-id)

.hash           0x0000000000400278      0x19c
 *(.hash)
 .hash          0x0000000000400278      0x19c /usr/lib64/gcc/x86_64-pc-linux-gnu/7.1.1/../../../../lib64/crt1.o

.gnu.hash
 *(.gnu.hash)

.dynsym         0x0000000000400418      0x600
 *(.dynsym)
 .dynsym        0x0000000000400418      0x600 /usr/lib64/gcc/x86_64-pc-linux-gnu/7.1.1/../../../../lib64/crt1.o

.dynstr         0x0000000000400a18      0x2dc
 *(.dynstr)
 .dynstr        0x0000000000400a18      0x2dc /usr/lib64/gcc/x86_64-pc-linux-gnu/7.1.1/../../../../lib64/crt1.o

.gnu.version    0x0000000000400cf4       0x80
 *(.gnu.version)
 .gnu.version   0x0000000000400cf4       0x80 /usr/lib64/gcc/x86_64-pc-linux-gnu/7.1.1/../../../../lib64/crt1.o

.gnu.version_d  0x0000000000400d78        0x0
 *(.gnu.version_d)
 .gnu.version_d
                0x0000000000400d78        0x0 /usr/lib64/gcc/x86_64-pc-linux-gnu/7.1.1/../../../../lib64/crt1.o

.gnu.version_r  0x0000000000400d78       0x80
 *(.gnu.version_r)
 .gnu.version_r
                0x0000000000400d78       0x80 /usr/lib64/gcc/x86_64-pc-linux-gnu/7.1.1/../../../../lib64/crt1.o

.rela.dyn       0x0000000000400df8       0x30
 *(.rela.init)
 *(.rela.text .rela.text.* .rela.gnu.linkonce.t.*)
 .rela.text     0x0000000000400df8        0x0 /usr/lib64/gcc/x86_64-pc-linux-gnu/7.1.1/../../../../lib64/crt1.o
 *(.rela.fini)
 *(.rela.rodata .rela.rodata.* .rela.gnu.linkonce.r.*)
 *(.rela.data .rela.data.* .rela.gnu.linkonce.d.*)
 .rela.data.rel.ro
                0x0000000000400df8        0x0 /usr/lib64/gcc/x86_64-pc-linux-gnu/7.1.1/../../../../lib64/crt1.o
 *(.rela.tdata .rela.tdata.* .rela.gnu.linkonce.td.*)
 *(.rela.tbss .rela.tbss.* .rela.gnu.linkonce.tb.*)
 *(.rela.ctors)
 *(.rela.dtors)
 *(.rela.got)
 .rela.got      0x0000000000400df8       0x30 /usr/lib64/gcc/x86_64-pc-linux-gnu/7.1.1/../../../../lib64/crt1.o
 *(.rela.bss .rela.bss.* .rela.gnu.linkonce.b.*)
 .rela.bss      0x0000000000400e28        0x0 /usr/lib64/gcc/x86_64-pc-linux-gnu/7.1.1/../../../../lib64/crt1.o
 *(.rela.ldata .rela.ldata.* .rela.gnu.linkonce.l.*)
 *(.rela.lbss .rela.lbss.* .rela.gnu.linkonce.lb.*)
 *(.rela.lrodata .rela.lrodata.* .rela.gnu.linkonce.lr.*)
 *(.rela.ifunc)

.rela.plt       0x0000000000400e28      0x540
 *(.rela.plt)
 .rela.plt      0x0000000000400e28      0x540 /usr/lib64/gcc/x86_64-pc-linux-gnu/7.1.1/../../../../lib64/crt1.o
                [!provide]                        PROVIDE (__rela_iplt_start, .)
 *(.rela.iplt)
                [!provide]                        PROVIDE (__rela_iplt_end, .)

.init           0x0000000000401368       0x17
 *(SORT(.init))
 .init          0x0000000000401368       0x12 /usr/lib64/gcc/x86_64-pc-linux-gnu/7.1.1/../../../../lib64/crti.o
                0x0000000000401368                _init
 .init          0x000000000040137a        0x5 /usr/lib64/gcc/x86_64-pc-linux-gnu/7.1.1/../../../../lib64/crtn.o

.plt            0x0000000000401380      0x390
 *(.plt)
 .plt           0x0000000000401380      0x390 /usr/lib64/gcc/x86_64-pc-linux-gnu/7.1.1/../../../../lib64/crt1.o
                0x0000000000401390                sem_wait@@GLIBC_2.2.5
                0x00000000004013a0                memset@@GLIBC_2.2.5
                0x00000000004013b0                close@@GLIBC_2.2.5
                0x00000000004013c0                XStoreName
                0x00000000004013d0                clock_gettime@@GLIBC_2.17
                0x00000000004013e0                XLookupString
                0x00000000004013f0                exit@@GLIBC_2.2.5
                0x0000000000401400                XCreateImage
                0x0000000000401410                execl@@GLIBC_2.2.5
                0x0000000000401420                read@@GLIBC_2.2.5
                0x0000000000401430                fopen@@GLIBC_2.2.5
                0x0000000000401440                XCreateWindow
                0x0000000000401450                XOpenDisplay
                0x0000000000401460                fnmatch@@GLIBC_2.2.5
                0x0000000000401470                XCopyArea
                0x0000000000401480                pthread_create@@GLIBC_2.2.5
                0x0000000000401490                opendir@@GLIBC_2.2.5
                0x00000000004014a0                __xstat@@GLIBC_2.2.5
                0x00000000004014b0                XRRConfigCurrentRate
                0x00000000004014c0                readdir@@GLIBC_2.2.5
                0x00000000004014d0                pread@@GLIBC_2.2.5
                0x00000000004014e0                dlclose@@GLIBC_2.2.5
                0x00000000004014f0                pthread_self@@GLIBC_2.2.5
                0x0000000000401500                XNextEvent
                0x0000000000401510                XSetWMProtocols
                0x0000000000401520                readlink@@GLIBC_2.2.5
                0x0000000000401530                XMapWindow
                0x0000000000401540                memmove@@GLIBC_2.2.5
                0x0000000000401550                waitpid@@GLIBC_2.2.5
                0x0000000000401560                XSetWindowBackground
                0x0000000000401570                fread@@GLIBC_2.2.5
                0x0000000000401580                __fxstat@@GLIBC_2.2.5
                0x0000000000401590                XSelectInput
                0x00000000004015a0                __errno_location@@GLIBC_2.2.5
                0x00000000004015b0                sem_init@@GLIBC_2.2.5
                0x00000000004015c0                XPutImage
                0x00000000004015d0                sem_post@@GLIBC_2.2.5
                0x00000000004015e0                XParseColor
                0x00000000004015f0                munmap@@GLIBC_2.2.5
                0x0000000000401600                XAllocColor
                0x0000000000401610                XInternAtom
                0x0000000000401620                fclose@@GLIBC_2.2.5
                0x0000000000401630                dlopen@@GLIBC_2.2.5
                0x0000000000401640                XQueryPointer
                0x0000000000401650                dlsym@@GLIBC_2.2.5
                0x0000000000401660                XRRGetScreenInfo
                0x0000000000401670                closedir@@GLIBC_2.2.5
                0x0000000000401680                access@@GLIBC_2.2.5
                0x0000000000401690                fork@@GLIBC_2.2.5
                0x00000000004016a0                fwrite@@GLIBC_2.2.5
                0x00000000004016b0                XCreatePixmap
                0x00000000004016c0                write@@GLIBC_2.2.5
                0x00000000004016d0                memcpy@@GLIBC_2.14
                0x00000000004016e0                open@@GLIBC_2.2.5
                0x00000000004016f0                mmap@@GLIBC_2.2.5
                0x0000000000401700                XPending
 *(.iplt)

.plt.got
 *(.plt.got)

.plt.bnd
 *(.plt.bnd)

.text           0x0000000000401710     0x3c4f
 *(.text.unlikely .text.*_unlikely .text.unlikely.*)
 *(.text.exit .text.exit.*)
 *(.text.startup .text.startup.*)
 .text.startup  0x0000000000401710       0x13 /usr/lib64/gcc/x86_64-pc-linux-gnu/7.1.1/crtfastmath.o
 *(.text.hot .text.hot.*)
 *(.text .stub .text.* .gnu.linkonce.t.*)
 *fill*         0x0000000000401723        0xd 
 .text          0x0000000000401730       0x2b /usr/lib64/gcc/x86_64-pc-linux-gnu/7.1.1/../../../../lib64/crt1.o
                0x0000000000401730                _start
 *fill*         0x000000000040175b        0x5 
 .text          0x0000000000401760       0xa7 /usr/lib64/gcc/x86_64-pc-linux-gnu/7.1.1/crtbegin.o
 *fill*         0x0000000000401807        0x9 
 .text          0x0000000000401810     0x3aad /tmp/linux32_handmade-ddb8da.o
                0x0000000000401810                DEBUGPlatformFreeFileMemory
                0x0000000000401860                DEBUGPlatformReadEntireFile
                0x00000000004019a0                DEBUGPlatformWriteEntireFile
                0x0000000000401a40                DEBUGExecuteSystemCommand
                0x0000000000401ae0                DEBUGGetProcessState
                0x0000000000401bb0                CopyFile
                0x0000000000401d90                DisplayBufferInWindow
                0x0000000000401fa0                ThreadProc
                0x00000000004020d0                Linux32AllocateMemory
                0x0000000000402130                Linux32DeallocateMemory
                0x0000000000402170                main
 *fill*         0x00000000004052bd        0x3 
 .text          0x00000000004052c0       0x72 /usr/lib/libc_nonshared.a(elf-init.oS)
                0x00000000004052c0                __libc_csu_init
                0x0000000000405330                __libc_csu_fini
 *fill*         0x0000000000405332        0xe 
 .text          0x0000000000405340       0x10 /usr/lib/libc_nonshared.a(stat.oS)
                0x0000000000405340                __stat
                0x0000000000405340                stat
 .text          0x0000000000405350        0xf /usr/lib/libc_nonshared.a(fstat.oS)
                0x0000000000405350                __fstat
                0x0000000000405350                fstat
 *(.gnu.warning)

.fini           0x0000000000405360        0x9
 *(SORT(.fini))
 .fini          0x0000000000405360        0x4 /usr/lib64/gcc/x86_64-pc-linux-gnu/7.1.1/../../../../lib64/crti.o
                0x0000000000405360                _fini
 .fini          0x0000000000405364        0x5 /usr/lib64/gcc/x86_64-pc-linux-gnu/7.1.1/../../../../lib64/crtn.o
                [!provide]                        PROVIDE (__etext, .)
                [!provide]                        PROVIDE (_etext, .)
                [!provide]                        PROVIDE (etext, .)

.rodata         0x0000000000405370      0x164
 *(.rodata .rodata.* .gnu.linkonce.r.*)
 .rodata.cst4   0x0000000000405370        0xc /tmp/linux32_handmade-ddb8da.o
 .rodata.str1.1
                0x000000000040537c      0x11f /tmp/linux32_handmade-ddb8da.o
                                        0x123 (size before relaxing)
 *fill*         0x000000000040549b        0x5 
 .rodata.str1.16
                0x00000000004054a0       0x20 /tmp/linux32_handmade-ddb8da.o
                                         0x11 (size before relaxing)
 .rodata        0x00000000004054c0       0x14 /tmp/linux32_handmade-ddb8da.o

.rodata1
 *(.rodata1)

.eh_frame_hdr   0x00000000004054d4      0x17c
 *(.eh_frame_hdr)
 .eh_frame_hdr  0x00000000004054d4      0x17c /usr/lib64/gcc/x86_64-pc-linux-gnu/7.1.1/../../../../lib64/crt1.o
                0x00000000004054d4                __GNU_EH_FRAME_HDR
 *(.eh_frame_entry .eh_frame_entry.*)

.eh_frame       0x0000000000405650      0x604
 *(.eh_frame)
 .eh_frame      0x0000000000405650       0x30 /usr/lib64/gcc/x86_64-pc-linux-gnu/7.1.1/../../../../lib64/crt1.o
 .eh_frame      0x0000000000405680       0x40 /usr/lib64/gcc/x86_64-pc-linux-gnu/7.1.1/../../../../lib64/crt1.o
 .eh_frame      0x00000000004056c0       0x18 /usr/lib64/gcc/x86_64-pc-linux-gnu/7.1.1/crtfastmath.o
                                         0x30 (size before relaxing)
 .eh_frame      0x00000000004056d8      0x4e8 /tmp/linux32_handmade-ddb8da.o
                                        0x468 (size before relaxing)
 .eh_frame      0x0000000000405bc0       0x60 /usr/lib/libc_nonshared.a(elf-init.oS)
                                         0x78 (size before relaxing)
 .eh_frame      0x0000000000405c20       0x18 /usr/lib/libc_nonshared.a(stat.oS)
                                         0x30 (size before relaxing)
 .eh_frame      0x0000000000405c38       0x18 /usr/lib/libc_nonshared.a(fstat.oS)
                                         0x30 (size before relaxing)
 .eh_frame      0x0000000000405c50        0x4 /usr/lib64/gcc/x86_64-pc-linux-gnu/7.1.1/crtend.o
 *(.eh_frame.*)

.gcc_except_table
 *(.gcc_except_table .gcc_except_table.*)

.gnu_extab
 *(.gnu_extab*)

.exception_ranges
 *(.exception_ranges .exception_ranges*)
                0x0000000000605d98                . = DATA_SEGMENT_ALIGN (CONSTANT (MAXPAGESIZE), CONSTANT (COMMONPAGESIZE))

.eh_frame
 *(.eh_frame)
 *(.eh_frame.*)

.gnu_extab
 *(.gnu_extab)

.gcc_except_table
 *(.gcc_except_table .gcc_except_table.*)

.exception_ranges
 *(.exception_ranges .exception_ranges*)

.tdata
 *(.tdata .tdata.* .gnu.linkonce.td.*)

.tbss
 *(.tbss .tbss.* .gnu.linkonce.tb.*)
 *(.tcommon)

.preinit_array  0x0000000000605d98        0x0
                [!provide]                        PROVIDE (__preinit_array_start, .)
 *(.preinit_array)
                [!provide]                        PROVIDE (__preinit_array_end, .)

.init_array     0x0000000000605d98       0x10
                0x0000000000605d98                PROVIDE (__init_array_start, .)
 *(SORT(.init_array.*) SORT(.ctors.*))
 *(.init_array EXCLUDE_FILE(*crtend?.o *crtend.o *crtbegin?.o *crtbegin.o) .ctors)
 .init_array    0x0000000000605d98        0x8 /usr/lib64/gcc/x86_64-pc-linux-gnu/7.1.1/crtbegin.o
 .init_array    0x0000000000605da0        0x8 /usr/lib64/gcc/x86_64-pc-linux-gnu/7.1.1/crtfastmath.o
                0x0000000000605da8                PROVIDE (__init_array_end, .)

.fini_array     0x0000000000605da8        0x8
                [!provide]                        PROVIDE (__fini_array_start, .)
 *(SORT(.fini_array.*) SORT(.dtors.*))
 *(.fini_array EXCLUDE_FILE(*crtend?.o *crtend.o *crtbegin?.o *crtbegin.o) .dtors)
 .fini_array    0x0000000000605da8        0x8 /usr/lib64/gcc/x86_64-pc-linux-gnu/7.1.1/crtbegin.o
                [!provide]                        PROVIDE (__fini_array_end, .)

.ctors
 *crtbegin.o(.ctors)
 *crtbegin?.o(.ctors)
 *(EXCLUDE_FILE(*crtend?.o *crtend.o) .ctors)
 *(SORT(.ctors.*))
 *(.ctors)

.dtors
 *crtbegin.o(.dtors)
 *crtbegin?.o(.dtors)
 *(EXCLUDE_FILE(*crtend?.o *crtend.o) .dtors)
 *(SORT(.dtors.*))
 *(.dtors)

.jcr
 *(.jcr)

.data.rel.ro    0x0000000000605db0        0x0
 *(.data.rel.ro.local* .gnu.linkonce.d.rel.ro.local.*)
 *(.data.rel.ro .data.rel.ro.* .gnu.linkonce.d.rel.ro.*)
 .data.rel.ro   0x0000000000605db0        0x0 /usr/lib64/gcc/x86_64-pc-linux-gnu/7.1.1/../../../../lib64/crt1.o

.dynamic        0x0000000000605db0      0x240
 *(.dynamic)
 .dynamic       0x0000000000605db0      0x240 /usr/lib64/gcc/x86_64-pc-linux-gnu/7.1.1/../../../../lib64/crt1.o
                0x0000000000605db0                _DYNAMIC

.got            0x0000000000605ff0       0x10
 *(.got)
 .got           0x0000000000605ff0       0x10 /usr/lib64/gcc/x86_64-pc-linux-gnu/7.1.1/../../../../lib64/crt1.o
 *(.igot)
                0x0000000000606fe8                . = DATA_SEGMENT_RELRO_END (., (SIZEOF (.got.plt) >= 0x18)?0x18:0x0)

.got.plt        0x0000000000606000      0x1d8
 *(.got.plt)
 .got.plt       0x0000000000606000      0x1d8 /usr/lib64/gcc/x86_64-pc-linux-gnu/7.1.1/../../../../lib64/crt1.o
                0x0000000000606000                _GLOBAL_OFFSET_TABLE_
 *(.igot.plt)

.data           0x00000000006061d8        0xc
 *(.data .data.* .gnu.linkonce.d.*)
 .data          0x00000000006061d8        0xc /tmp/linux32_handmade-ddb8da.o
                0x00000000006061d8                GlobalDebugTable

.tm_clone_table
                0x00000000006061e8        0x0
 .tm_clone_table
                0x00000000006061e8        0x0 /usr/lib64/gcc/x86_64-pc-linux-gnu/7.1.1/crtbegin.o
 .tm_clone_table
                0x00000000006061e8        0x0 /usr/lib64/gcc/x86_64-pc-linux-gnu/7.1.1/crtend.o

.data1
 *(.data1)
                0x00000000006061e8                _edata = .
                [!provide]                        PROVIDE (edata, .)
                0x00000000006061e8                . = .
                0x00000000006061e8                __bss_start = .

.bss            0x00000000006061e8  0x8480080
 *(.dynbss)
 .dynbss        0x00000000006061e8        0x0 /usr/lib64/gcc/x86_64-pc-linux-gnu/7.1.1/../../../../lib64/crt1.o
 *(.bss .bss.* .gnu.linkonce.b.*)
 .bss           0x00000000006061e8        0x1 /usr/lib64/gcc/x86_64-pc-linux-gnu/7.1.1/crtbegin.o
 *fill*         0x00000000006061e9        0x7 
 .bss           0x00000000006061f0  0x8480074 /tmp/linux32_handmade-ddb8da.o
 *(COMMON)
                0x0000000008a86268                . = ALIGN ((. != 0x0)?0x8:0x1)
 *fill*         0x0000000008a86264        0x4 

.lbss
 *(.dynlbss)
 *(.lbss .lbss.* .gnu.linkonce.lb.*)
 *(LARGE_COMMON)
                0x0000000008a86268                . = ALIGN (0x8)
                0x0000000008a86268                . = SEGMENT_START ("ldata-segment", .)

.lrodata
 *(.lrodata .lrodata.* .gnu.linkonce.lr.*)

.ldata          0x0000000008e86268        0x0
 *(.ldata .ldata.* .gnu.linkonce.l.*)
                0x0000000008e86268                . = ALIGN ((. != 0x0)?0x8:0x1)
                0x0000000008e86268                . = ALIGN (0x8)
                0x0000000008e86268                _end = .
                [!provide]                        PROVIDE (end, .)
                0x0000000008e86268                . = DATA_SEGMENT_END (.)

.stab
 *(.stab)

.stabstr
 *(.stabstr)

.stab.excl
 *(.stab.excl)

.stab.exclstr
 *(.stab.exclstr)

.stab.index
 *(.stab.index)

.stab.indexstr
 *(.stab.indexstr)

.comment        0x0000000000000000       0x47
 *(.comment)
 .comment       0x0000000000000000       0x1a /usr/lib64/gcc/x86_64-pc-linux-gnu/7.1.1/../../../../lib64/crt1.o
                                         0x1b (size before relaxing)
 .comment       0x000000000000001a       0x1b /usr/lib64/gcc/x86_64-pc-linux-gnu/7.1.1/crtbegin.o
 .comment       0x000000000000001a       0x1b /usr/lib64/gcc/x86_64-pc-linux-gnu/7.1.1/crtfastmath.o
 .comment       0x000000000000001a       0x2d /tmp/linux32_handmade-ddb8da.o
                                         0x2e (size before relaxing)
 .comment       0x0000000000000047       0x1b /usr/lib/libc_nonshared.a(elf-init.oS)
 .comment       0x0000000000000047       0x1b /usr/lib/libc_nonshared.a(stat.oS)
 .comment       0x0000000000000047       0x1b /usr/lib/libc_nonshared.a(fstat.oS)
 .comment       0x0000000000000047       0x1b /usr/lib64/gcc/x86_64-pc-linux-gnu/7.1.1/crtend.o

.debug
 *(.debug)

.line
 *(.line)

.debug_srcinfo
 *(.debug_srcinfo)

.debug_sfnames
 *(.debug_sfnames)

.debug_aranges  0x0000000000000000       0x30
 *(.debug_aranges)
 .debug_aranges
                0x0000000000000000       0x30 /usr/lib64/gcc/x86_64-pc-linux-gnu/7.1.1/crtfastmath.o

.debug_pubnames
                0x0000000000000000      0x434
 *(.debug_pubnames)
 .debug_pubnames
                0x0000000000000000      0x434 /tmp/linux32_handmade-ddb8da.o

.debug_info     0x0000000000000000     0x43f6
 *(.debug_info .gnu.linkonce.wi.*)
 .debug_info    0x0000000000000000       0x5e /usr/lib64/gcc/x86_64-pc-linux-gnu/7.1.1/crtfastmath.o
 .debug_info    0x000000000000005e     0x4398 /tmp/linux32_handmade-ddb8da.o

.debug_abbrev   0x0000000000000000      0x2fc
 *(.debug_abbrev)
 .debug_abbrev  0x0000000000000000       0x46 /usr/lib64/gcc/x86_64-pc-linux-gnu/7.1.1/crtfastmath.o
 .debug_abbrev  0x0000000000000046      0x2b6 /tmp/linux32_handmade-ddb8da.o

.debug_line     0x0000000000000000     0x16f7
 *(.debug_line .debug_line.* .debug_line_end)
 .debug_line    0x0000000000000000       0x6d /usr/lib64/gcc/x86_64-pc-linux-gnu/7.1.1/crtfastmath.o
 .debug_line    0x000000000000006d     0x168a /tmp/linux32_handmade-ddb8da.o

.debug_frame
 *(.debug_frame)

.debug_str      0x0000000000000000     0x1fd8
 *(.debug_str)
 .debug_str     0x0000000000000000      0x152 /usr/lib64/gcc/x86_64-pc-linux-gnu/7.1.1/crtfastmath.o
                                        0x15f (size before relaxing)
 .debug_str     0x0000000000000152     0x1e86 /tmp/linux32_handmade-ddb8da.o
                                       0x2222 (size before relaxing)

.debug_loc      0x0000000000000000       0x3f
 *(.debug_loc)
 .debug_loc     0x0000000000000000       0x3f /usr/lib64/gcc/x86_64-pc-linux-gnu/7.1.1/crtfastmath.o

.debug_macinfo  0x0000000000000000        0x1
 *(.debug_macinfo)
 .debug_macinfo
                0x0000000000000000        0x1 /tmp/linux32_handmade-ddb8da.o

.debug_weaknames
 *(.debug_weaknames)

.debug_funcnames
 *(.debug_funcnames)

.debug_typenames
 *(.debug_typenames)

.debug_varnames
 *(.debug_varnames)

.debug_pubtypes
                0x0000000000000000      0xa85
 *(.debug_pubtypes)
 .debug_pubtypes
                0x0000000000000000      0xa85 /tmp/linux32_handmade-ddb8da.o

.debug_ranges   0x0000000000000000       0x20
 *(.debug_ranges)
 .debug_ranges  0x0000000000000000       0x20 /usr/lib64/gcc/x86_64-pc-linux-gnu/7.1.1/crtfastmath.o
 .debug_ranges  0x0000000000000020        0x0 /tmp/linux32_handmade-ddb8da.o

.debug_macro
 *(.debug_macro)

.debug_addr
 *(.debug_addr)

.gnu.attributes
 *(.gnu.attributes)

/DISCARD/
 *(.note.GNU-stack)
 *(.gnu_debuglink)
 *(.gnu.lto_*)
OUTPUT(testBuild elf64-x86-64)
